table ip nftlb {
	map nat-proto-services {
		type inet_proto . ipv4_addr . inet_service : verdict
		elements = { tcp . 127.0.0.1 . 10 : goto nat-farml7 }
	}

	map services-back-m {
		type mark : ipv4_addr
	}

	map filter-proto-services {
		type inet_proto . ipv4_addr . inet_service : verdict
		elements = { tcp . 127.0.0.1 . 10 : goto filter-farml7 }
	}

	chain prerouting {
		type nat hook prerouting priority dstnat; policy accept;
		ct state new meta mark 0x00000000 meta mark set ct mark
		ip protocol . ip daddr . th dport vmap @nat-proto-services
	}

	chain postrouting {
		type nat hook postrouting priority srcnat; policy accept;
		ct mark 0x00000000 ct mark set meta mark
		ct mark 0x80000000/1 masquerade
		snat to ct mark map @services-back-m
	}

	chain filter {
		type filter hook prerouting priority mangle; policy accept;
		meta mark 0x00000000 meta mark set ct mark
		ip protocol . ip daddr . th dport vmap @filter-proto-services
	}

	chain filter-farml7 {
	}

	chain nat-farml7 {
	}
}
