table netdev nftlb {
	set black001 {
		type ipv4_addr
		flags interval
		counter
		auto-merge
		elements = { 35.195.60.76 counter packets 0 bytes 0 }
	}

	set black002 {
		type ipv4_addr
		flags interval
		counter
		auto-merge
		elements = { 35.195.60.77 counter packets 0 bytes 0 }
	}

	set black003 {
		type ipv4_addr
		flags interval
		counter
		auto-merge
		elements = { 35.195.60.79 counter packets 0 bytes 0 }
	}

	set black004 {
		type ipv4_addr
		flags interval
		counter
		auto-merge
		elements = { 35.195.60.78 counter packets 0 bytes 0 }
	}
}
