{
        "policies": [
                {
                        "name": "black001",
                        "family": "ipv4",
                        "type": "blacklist",
                        "route": "in",
                        "timeout": "0",
                        "used": "0",
                        "elements": [
                                {
                                        "data": "35.195.60.76",
                                        "counter-packets": "0",
                                        "counter-bytes": "0"
                                }
                        ]
                },
                {
                        "name": "black002",
                        "family": "ipv4",
                        "type": "blacklist",
                        "route": "in",
                        "timeout": "0",
                        "used": "0",
                        "elements": [
                                {
                                        "data": "35.195.60.77",
                                        "counter-packets": "0",
                                        "counter-bytes": "0"
                                }
                        ]
                },
                {
                        "name": "black003",
                        "family": "ipv4",
                        "type": "blacklist",
                        "route": "in",
                        "timeout": "0",
                        "used": "0",
                        "elements": [
                                {
                                        "data": "35.195.60.79",
                                        "counter-packets": "0",
                                        "counter-bytes": "0"
                                }
                        ]
                },
                {
                        "name": "black004",
                        "family": "ipv4",
                        "type": "blacklist",
                        "route": "in",
                        "timeout": "0",
                        "used": "0",
                        "elements": [
                                {
                                        "data": "35.195.60.78",
                                        "counter-packets": "0",
                                        "counter-bytes": "0"
                                }
                        ]
                }
        ]
}