table netdev nftlb {
	set black001 {
		type ipv4_addr
		flags interval
		counter
		auto-merge
		elements = { 35.195.60.76 counter packets 0 bytes 0 }
	}

	set black002 {
		type ipv4_addr
		flags interval
		counter
		auto-merge
		elements = { 35.195.60.77 counter packets 0 bytes 0 }
	}

	set black003 {
		type ipv4_addr
		flags interval
		counter
		auto-merge
		elements = { 35.195.60.79 counter packets 0 bytes 0 }
	}

	set black004 {
		type ipv4_addr
		flags interval
		counter
		auto-merge
		elements = { 35.195.60.78 counter packets 0 bytes 0 }
	}

	map proto-services-lo {
		type inet_proto . ipv4_addr . inet_service : verdict
		elements = { tcp . 127.0.0.1 . 10 : goto farml7 }
	}

	set black001-farml7-cnt {
		type ipv4_addr
		size 65535
		flags dynamic,timeout
		counter
		timeout 2m
	}

	chain ingress-lo {
		type filter hook ingress device "lo" priority 101; policy accept;
		ip protocol . ip daddr . th dport vmap @proto-services-lo
	}

	chain farml7 {
		ip saddr @black001 add @black001-farml7-cnt { ip saddr } log prefix "policy-BL-black001-farml7 " drop
	}
}
table ip nftlb {
	map nat-proto-services {
		type inet_proto . ipv4_addr . inet_service : verdict
		elements = { tcp . 127.0.0.1 . 10 : goto nat-farml7 }
	}

	map services-back-m {
		type mark : ipv4_addr
	}

	map filter-proto-services {
		type inet_proto . ipv4_addr . inet_service : verdict
		elements = { tcp . 127.0.0.1 . 10 : goto filter-farml7 }
	}

	chain prerouting {
		type nat hook prerouting priority dstnat; policy accept;
		ct state new meta mark 0x00000000 meta mark set ct mark
		ip protocol . ip daddr . th dport vmap @nat-proto-services
	}

	chain postrouting {
		type nat hook postrouting priority srcnat; policy accept;
		ct mark 0x00000000 ct mark set meta mark
		ct mark 0x80000000/1 masquerade
		snat to ct mark map @services-back-m
	}

	chain filter {
		type filter hook prerouting priority mangle; policy accept;
		meta mark 0x00000000 meta mark set ct mark
		ip protocol . ip daddr . th dport vmap @filter-proto-services
	}

	chain filter-farml7 {
	}

	chain nat-farml7 {
	}
}
