{
        "farms": [
                {
                        "name": "farml7",
                        "family": "ipv4",
                        "virtual-addr": "127.0.0.1",
                        "virtual-ports": "10",
                        "source-addr": "127.0.0.1",
                        "mode": "local",
                        "protocol": "tcp",
                        "scheduler": "rr",
                        "sched-param": "none",
                        "persistence": "none",
                        "persist-ttl": "60",
                        "helper": "none",
                        "log": "none",
                        "log-rtlimit": "0/second",
                        "mark": "0x0",
                        "priority": "1",
                        "state": "up",
                        "limits-ttl": "120",
                        "new-rtlimit": "0/second",
                        "new-rtlimit-burst": "0",
                        "rst-rtlimit": "0/second",
                        "rst-rtlimit-burst": "0",
                        "est-connlimit": "0",
                        "tcp-strict": "off",
                        "queue": "-1",
                        "verdict": "log drop accept",
                        "addresses": [
                                {
                                        "name": "farml7-addr",
                                        "family": "ipv4",
                                        "ip-addr": "127.0.0.1",
                                        "ports": "10",
                                        "protocol": "tcp",
                                        "used": "1"
                                }
                        ],
                        "backends": [],
                        "policies": [
                                {
                                        "name": "black002"
                                },
                                {
                                        "name": "black003"
                                },
                                {
                                        "name": "black004"
                                }
                        ]
                }
        ]
}