table netdev nftlb {
	map proto-services-dnat-lo {
		type inet_proto . ipv4_addr . inet_service : verdict
		elements = { tcp . 127.0.0.1 . 80 : goto test1-back,
			     tcp . 127.0.1.1 . 80 : goto test1-back }
	}

	map map-test1-back {
		type ipv4_addr : ether_addr
		size 65535
		timeout 1m
	}

	map proto-services-lo {
		type inet_proto . ipv4_addr . inet_service : verdict
		elements = { tcp . 127.0.0.1 . 100 : goto test1 }
	}

	chain ingress-dnat-lo {
		type filter hook ingress device "lo" priority 100; policy accept;
		ip protocol . ip saddr . th sport vmap @proto-services-dnat-lo
	}

	chain test1-back {
		ip saddr set 127.0.0.1 ether saddr set 00:00:00:00:00:00 ether daddr set ip daddr map @map-test1-back fwd to "lo"
	}

	chain ingress-lo {
		type filter hook ingress device "lo" priority 101; policy accept;
		ip protocol . ip daddr . th dport vmap @proto-services-lo
	}

	chain test1 {
		update @map-test1-back { ip saddr : ether saddr }
		ip daddr set numgen random mod 3 map { 0 : 127.0.0.1, 1-2 : 127.0.1.1 } ether daddr set ip daddr map { 127.0.0.1 : 01:01:01:01:01:01, 127.0.1.1 : 02:02:02:02:02:02 } th dport set ether daddr map { 01:01:01:01:01:01 : 80, 02:02:02:02:02:02 : 80 } ether saddr set 00:00:00:00:00:00 fwd to "lo"
	}
}
