table netdev nftlb {
	set mylist {
		type ipv4_addr
		flags interval
		counter
		auto-merge
		elements = { 35.195.60.76 counter packets 0 bytes 0 }
	}

	map proto-services-lo {
		type inet_proto . ipv4_addr . inet_service : verdict
		elements = { tcp . 192.168.0.100 . 80 : goto lb01 }
	}

	map static-sessions-lb01 {
		type ipv4_addr . inet_service : ether_addr
	}

	map persist-lb01 {
		type ipv4_addr . inet_service : ether_addr
		size 65535
		timeout 50s
	}

	set mylist-lb01-cnt {
		type ipv4_addr
		size 65535
		flags dynamic,timeout
		counter
		timeout 2m
	}

	chain ingress-lo {
		type filter hook ingress device "lo" priority 101; policy accept;
		ip protocol . ip daddr . th dport vmap @proto-services-lo
	}

	chain lb01 {
		ip saddr @mylist add @mylist-lb01-cnt { ip saddr } jump {
			limit rate 10/minute log prefix "policy-BL-mylist-lb01 "
			drop
		}
		ether daddr set ip saddr . tcp sport map @static-sessions-lb01 ether saddr set 01:01:01:01:01:01 fwd to "lo"
		ether daddr set ip saddr . tcp sport map @persist-lb01 ether saddr set 01:01:01:01:01:01 update @persist-lb01 { ip saddr . tcp sport : ether daddr } fwd to "lo"
		ether saddr set 01:01:01:01:01:01 ether daddr set numgen random mod 10 map { 0-4 : 02:02:02:02:02:02, 5-9 : 03:03:03:03:03:03 } update @persist-lb01 { ip saddr . tcp sport : ether daddr } fwd to "lo"
	}
}
