table ip nftlb {
	map nat-proto-services {
		type inet_proto . ipv4_addr . inet_service : verdict
		elements = { tcp . 192.168.100.212 . 80 : goto nat-farml7 }
	}

	map services-back-m {
		type mark : ipv4_addr
		elements = { 0x00000203 : 192.168.100.212, 0x00000512 : 127.0.0.1, 0x00000513 : 192.168.101.210 }
	}

	map filter-proto-services {
		type inet_proto . ipv4_addr . inet_service : verdict
		elements = { tcp . 192.168.100.212 . 80 : goto filter-farml7 }
	}

	chain prerouting {
		type nat hook prerouting priority dstnat; policy accept;
		ct state new meta mark 0x00000000 meta mark set ct mark
		ip protocol . ip daddr . th dport vmap @nat-proto-services
	}

	chain postrouting {
		type nat hook postrouting priority srcnat; policy accept;
		ct mark 0x00000000 ct mark set meta mark
		ct mark 0x80000000/1 masquerade
		snat to ct mark map @services-back-m
	}

	chain filter {
		type filter hook prerouting priority mangle; policy accept;
		meta mark 0x00000000 meta mark set ct mark
		ip protocol . ip daddr . th dport vmap @filter-proto-services
	}

	chain filter-farml7 {
	}

	chain nat-farml7 {
	}
}
table netdev nftlb {
	set black001 {
		type ipv4_addr
		flags interval
		counter
		auto-merge
		elements = { 35.195.60.76-35.195.60.78 counter packets 0 bytes 0, 127.0.0.1 counter packets 0 bytes 0 }
	}
}
