table netdev nftlb {
	map proto-services-dnat-lo {
		type inet_proto . ipv4_addr . inet_service : verdict
		elements = { tcp . 192.168.0.10 . 10 : goto lb01-back,
			     tcp . 192.168.0.11 . 20 : goto lb01-back }
	}

	map map-lb01-back {
		type ipv4_addr : ether_addr
		size 65535
		timeout 50s
	}

	map proto-services-lo {
		type inet_proto . ipv4_addr . inet_service : verdict
		elements = { tcp . 192.168.0.100 . 80 : goto lb01 }
	}

	map static-sessions-lb01 {
		type ipv4_addr . inet_service : ipv4_addr
		elements = { 192.168.44.4 . 90 : 192.168.0.10,
			     192.168.44.5 . 91 : 192.168.0.11,
			     192.168.44.6 . 92 : 192.168.0.11 }
	}

	map persist-lb01 {
		type ipv4_addr . inet_service : ipv4_addr
		size 65535
		timeout 50s
	}

	chain ingress-dnat-lo {
		type filter hook ingress device "lo" priority 100; policy accept;
		ip protocol . ip saddr . th sport vmap @proto-services-dnat-lo
	}

	chain lb01-back {
		ip saddr set 192.168.0.100 ether saddr set 01:01:01:01:01:01 ether daddr set ip daddr map @map-lb01-back fwd to "lo"
	}

	chain ingress-lo {
		type filter hook ingress device "lo" priority 101; policy accept;
		ip protocol . ip daddr . th dport vmap @proto-services-lo
	}

	chain lb01 {
		update @map-lb01-back { ip saddr : ether saddr }
		ip daddr set ip saddr . tcp sport map @static-sessions-lb01 ether daddr set ip daddr map { 192.168.0.10 : 02:02:02:02:02:02, 192.168.0.11 : 03:03:03:03:03:03 } tcp dport set ether daddr map { 02:02:02:02:02:02 : 10, 03:03:03:03:03:03 : 20 } ether saddr set 01:01:01:01:01:01 fwd to "lo"
		ip daddr set ip saddr . tcp sport map @persist-lb01 ether daddr set ip daddr map { 192.168.0.10 : 02:02:02:02:02:02, 192.168.0.11 : 03:03:03:03:03:03 } tcp dport set ether daddr map { 02:02:02:02:02:02 : 10, 03:03:03:03:03:03 : 20 } ether saddr set 01:01:01:01:01:01 update @persist-lb01 { ip saddr . tcp sport : ip daddr } fwd to "lo"
		ip daddr set numgen random mod 10 map { 0-4 : 192.168.0.10, 5-9 : 192.168.0.11 } ether daddr set ip daddr map { 192.168.0.10 : 02:02:02:02:02:02, 192.168.0.11 : 03:03:03:03:03:03 } th dport set ether daddr map { 02:02:02:02:02:02 : 10, 03:03:03:03:03:03 : 20 } ether saddr set 01:01:01:01:01:01 update @persist-lb01 { ip saddr . tcp sport : ip daddr } fwd to "lo"
	}
}
