table netdev nftlb {
	map proto-services-lo {
		type inet_proto . ipv4_addr . inet_service : verdict
		elements = { tcp . 192.168.0.100 . 80 : goto lb01 }
	}

	map static-sessions-lb01 {
		type ipv4_addr . inet_service : ether_addr
		elements = { 192.168.44.4 . 90 : 02:02:02:02:02:02,
			     192.168.44.5 . 91 : 03:03:03:03:03:03,
			     192.168.44.6 . 92 : 03:03:03:03:03:03 }
	}

	map persist-lb01 {
		type ipv4_addr . inet_service : ether_addr
		size 65535
		timeout 50s
	}

	chain ingress-lo {
		type filter hook ingress device "lo" priority 101; policy accept;
		ip protocol . ip daddr . th dport vmap @proto-services-lo
	}

	chain lb01 {
		ether daddr set ip saddr . tcp sport map @static-sessions-lb01 ether saddr set 01:01:01:01:01:01 fwd to "lo"
		ether daddr set ip saddr . tcp sport map @persist-lb01 ether saddr set 01:01:01:01:01:01 update @persist-lb01 { ip saddr . tcp sport : ether daddr } fwd to "lo"
		ether saddr set 01:01:01:01:01:01 ether daddr set numgen random mod 10 map { 0-4 : 02:02:02:02:02:02, 5-9 : 03:03:03:03:03:03 } update @persist-lb01 { ip saddr . tcp sport : ether daddr } fwd to "lo"
	}
}
