table netdev nftlb {
	map proto-services-dnat-lo {
		type inet_proto . ipv4_addr . inet_service : verdict
		elements = { tcp . 127.0.0.2 . 80 : goto newfarm-back }
	}

	map map-newfarm-back {
		type ipv4_addr : ether_addr
		size 65535
		timeout 1m
	}

	map proto-services-lo {
		type inet_proto . ipv4_addr . inet_service : verdict
		elements = { tcp . 127.0.0.1 . 80 : goto newfarm }
	}

	map static-sessions-newfarm {
		type ipv4_addr : ipv4_addr
	}

	map persist-newfarm {
		type ipv4_addr : ipv4_addr
		size 65535
		timeout 1m
	}

	chain ingress-dnat-lo {
		type filter hook ingress device "lo" priority 100; policy accept;
		ip protocol . ip saddr . th sport vmap @proto-services-dnat-lo
	}

	chain newfarm-back {
		ip saddr set 127.0.0.1 ether saddr set 01:01:01:01:01:01 ether daddr set ip daddr map @map-newfarm-back fwd to "lo"
	}

	chain ingress-lo {
		type filter hook ingress device "lo" priority 101; policy accept;
		ip protocol . ip daddr . th dport vmap @proto-services-lo
	}

	chain newfarm {
		update @map-newfarm-back { ip saddr : ether saddr }
		ip daddr set ip saddr map @static-sessions-newfarm ether daddr set ip daddr map { 127.0.0.2 : 03:03:03:03:03:03 } ether saddr set 01:01:01:01:01:01 fwd to "lo"
		ip daddr set ip saddr map @persist-newfarm ether daddr set ip daddr map { 127.0.0.2 : 03:03:03:03:03:03 } ether saddr set 01:01:01:01:01:01 update @persist-newfarm { ip saddr : ip daddr } fwd to "lo"
		ip daddr set numgen inc mod 1 map { 0 : 127.0.0.2 } ether daddr set ip daddr map { 127.0.0.2 : 03:03:03:03:03:03 } ether saddr set 01:01:01:01:01:01 update @persist-newfarm { ip saddr : ip daddr } fwd to "lo"
	}
}
